
> porfolio@0.1.0 build
> next build

  Γû▓ Next.js 14.2.4
  - Environments: .env.local

   Creating an optimized production build ...
node.exe : Failed to compile.
At line:1 char:1
+ & "C:\Program 
Files\nodejs/node.exe" "C:\Program 
Files\nodejs/node_mo ...
+ ~~~~~~~~~~~~~~~~~~~~~~~~~~~~~~~~~~
~~~~~~~~~~~~~~~~~~~~~~~~~~~~~~~~~~~
    + CategoryInfo          : NotSp 
   ecified: (Failed to compile.:St  
  ring) [], RemoteException
    + FullyQualifiedErrorId : Nativ 
   eCommandError
 

./src/app/page.tsx
Error: 
  [31mx[0m Unexpected token 
`main`. Expected jsx identifier
     ,-[[36;1;4mE:\pro\Portfolio\sr
c\app\page.tsx[0m:135:1]
 [2m135[0m |   };
 [2m136[0m | 
 [2m137[0m |   return (
 [2m138[0m |     <main 
className="flex flex-col 
min-h-[100dvh] space-y-16 
md:space-y-24">
     : [31;1m     ^^^^[0m
 [2m139[0m |       
<AnimatePresence mode="wait">
 [2m140[0m |         
{!showFullGallery ? (
 [2m141[0m |           <motion.div
     `----

Caused by:
    Syntax Error

Import trace for requested module:
./src/app/page.tsx


> Build failed because of webpack 
errors
